Archive member included to satisfy reference by file (symbol)

/media/ugklp/DATA/STM32CubeIDE/plugins/com.st.stm32cube.ide.mcu.externaltools.gnu-tools-for-stm32.10.3-2021.10.linux64_1.0.200.202301161003/tools/bin/../lib/gcc/arm-none-eabi/10.3.1/../../../../arm-none-eabi/lib/thumb/v7e-m+fp/hard/libc_nano.a(lib_a-errno.o)
                              ./Core/Src/syscalls.o (__errno)
/media/ugklp/DATA/STM32CubeIDE/plugins/com.st.stm32cube.ide.mcu.externaltools.gnu-tools-for-stm32.10.3-2021.10.linux64_1.0.200.202301161003/tools/bin/../lib/gcc/arm-none-eabi/10.3.1/../../../../arm-none-eabi/lib/thumb/v7e-m+fp/hard/libc_nano.a(lib_a-exit.o)
                              /media/ugklp/DATA/STM32CubeIDE/plugins/com.st.stm32cube.ide.mcu.externaltools.gnu-tools-for-stm32.10.3-2021.10.linux64_1.0.200.202301161003/tools/bin/../lib/gcc/arm-none-eabi/10.3.1/../../../../arm-none-eabi/lib/thumb/v7e-m+fp/hard/crt0.o (exit)
/media/ugklp/DATA/STM32CubeIDE/plugins/com.st.stm32cube.ide.mcu.externaltools.gnu-tools-for-stm32.10.3-2021.10.linux64_1.0.200.202301161003/tools/bin/../lib/gcc/arm-none-eabi/10.3.1/../../../../arm-none-eabi/lib/thumb/v7e-m+fp/hard/libc_nano.a(lib_a-impure.o)
                              /media/ugklp/DATA/STM32CubeIDE/plugins/com.st.stm32cube.ide.mcu.externaltools.gnu-tools-for-stm32.10.3-2021.10.linux64_1.0.200.202301161003/tools/bin/../lib/gcc/arm-none-eabi/10.3.1/../../../../arm-none-eabi/lib/thumb/v7e-m+fp/hard/libc_nano.a(lib_a-exit.o) (_global_impure_ptr)
/media/ugklp/DATA/STM32CubeIDE/plugins/com.st.stm32cube.ide.mcu.externaltools.gnu-tools-for-stm32.10.3-2021.10.linux64_1.0.200.202301161003/tools/bin/../lib/gcc/arm-none-eabi/10.3.1/../../../../arm-none-eabi/lib/thumb/v7e-m+fp/hard/libc_nano.a(lib_a-init.o)
                              /media/ugklp/DATA/STM32CubeIDE/plugins/com.st.stm32cube.ide.mcu.externaltools.gnu-tools-for-stm32.10.3-2021.10.linux64_1.0.200.202301161003/tools/bin/../lib/gcc/arm-none-eabi/10.3.1/../../../../arm-none-eabi/lib/thumb/v7e-m+fp/hard/crt0.o (__libc_init_array)
/media/ugklp/DATA/STM32CubeIDE/plugins/com.st.stm32cube.ide.mcu.externaltools.gnu-tools-for-stm32.10.3-2021.10.linux64_1.0.200.202301161003/tools/bin/../lib/gcc/arm-none-eabi/10.3.1/../../../../arm-none-eabi/lib/thumb/v7e-m+fp/hard/libc_nano.a(lib_a-malloc.o)
                              ./Middlewares/ST/STM32_USB_Host_Library/Class/CDC/Src/usbh_cdc.o (malloc)
/media/ugklp/DATA/STM32CubeIDE/plugins/com.st.stm32cube.ide.mcu.externaltools.gnu-tools-for-stm32.10.3-2021.10.linux64_1.0.200.202301161003/tools/bin/../lib/gcc/arm-none-eabi/10.3.1/../../../../arm-none-eabi/lib/thumb/v7e-m+fp/hard/libc_nano.a(lib_a-memset.o)
                              /media/ugklp/DATA/STM32CubeIDE/plugins/com.st.stm32cube.ide.mcu.externaltools.gnu-tools-for-stm32.10.3-2021.10.linux64_1.0.200.202301161003/tools/bin/../lib/gcc/arm-none-eabi/10.3.1/../../../../arm-none-eabi/lib/thumb/v7e-m+fp/hard/crt0.o (memset)
/media/ugklp/DATA/STM32CubeIDE/plugins/com.st.stm32cube.ide.mcu.externaltools.gnu-tools-for-stm32.10.3-2021.10.linux64_1.0.200.202301161003/tools/bin/../lib/gcc/arm-none-eabi/10.3.1/../../../../arm-none-eabi/lib/thumb/v7e-m+fp/hard/libc_nano.a(lib_a-nano-freer.o)
                              /media/ugklp/DATA/STM32CubeIDE/plugins/com.st.stm32cube.ide.mcu.externaltools.gnu-tools-for-stm32.10.3-2021.10.linux64_1.0.200.202301161003/tools/bin/../lib/gcc/arm-none-eabi/10.3.1/../../../../arm-none-eabi/lib/thumb/v7e-m+fp/hard/libc_nano.a(lib_a-malloc.o) (_free_r)
/media/ugklp/DATA/STM32CubeIDE/plugins/com.st.stm32cube.ide.mcu.externaltools.gnu-tools-for-stm32.10.3-2021.10.linux64_1.0.200.202301161003/tools/bin/../lib/gcc/arm-none-eabi/10.3.1/../../../../arm-none-eabi/lib/thumb/v7e-m+fp/hard/libc_nano.a(lib_a-nano-mallocr.o)
                              /media/ugklp/DATA/STM32CubeIDE/plugins/com.st.stm32cube.ide.mcu.externaltools.gnu-tools-for-stm32.10.3-2021.10.linux64_1.0.200.202301161003/tools/bin/../lib/gcc/arm-none-eabi/10.3.1/../../../../arm-none-eabi/lib/thumb/v7e-m+fp/hard/libc_nano.a(lib_a-malloc.o) (_malloc_r)
/media/ugklp/DATA/STM32CubeIDE/plugins/com.st.stm32cube.ide.mcu.externaltools.gnu-tools-for-stm32.10.3-2021.10.linux64_1.0.200.202301161003/tools/bin/../lib/gcc/arm-none-eabi/10.3.1/../../../../arm-none-eabi/lib/thumb/v7e-m+fp/hard/libc_nano.a(lib_a-sbrkr.o)
                              /media/ugklp/DATA/STM32CubeIDE/plugins/com.st.stm32cube.ide.mcu.externaltools.gnu-tools-for-stm32.10.3-2021.10.linux64_1.0.200.202301161003/tools/bin/../lib/gcc/arm-none-eabi/10.3.1/../../../../arm-none-eabi/lib/thumb/v7e-m+fp/hard/libc_nano.a(lib_a-nano-mallocr.o) (_sbrk_r)
/media/ugklp/DATA/STM32CubeIDE/plugins/com.st.stm32cube.ide.mcu.externaltools.gnu-tools-for-stm32.10.3-2021.10.linux64_1.0.200.202301161003/tools/bin/../lib/gcc/arm-none-eabi/10.3.1/../../../../arm-none-eabi/lib/thumb/v7e-m+fp/hard/libc_nano.a(lib_a-mlock.o)
[...]
Memory Configuration

Name             Origin             Length             Attributes
CCMRAM           0x0000000010000000 0x0000000000010000 xrw
RAM              0x0000000020000000 0x0000000000020000 xrw
FLASH            0x0000000008000000 0x0000000000100000 xr
*default*        0x0000000000000000 0xffffffffffffffff

Linker script and memory map

LOAD /media/ugklp/DATA/STM32CubeIDE/plugins/com.st.stm32cube.ide.mcu.externaltools.gnu-tools-for-stm32.10.3-2021.10.linux64_1.0.200.202301161003/tools/bin/../lib/gcc/arm-none-eabi/10.3.1/thumb/v7e-m+fp/hard/crti.o
LOAD /media/ugklp/DATA/STM32CubeIDE/plugins/com.st.stm32cube.ide.mcu.externaltools.gnu-tools-for-stm32.10.3-2021.10.linux64_1.0.200.202301161003/tools/bin/../lib/gcc/arm-none-eabi/10.3.1/thumb/v7e-m+fp/hard/crtbegin.o
LOAD /media/ugklp/DATA/STM32CubeIDE/plugins/com.st.stm32cube.ide.mcu.externaltools.gnu-tools-for-stm32.10.3-2021.10.linux64_1.0.200.202301161003/tools/bin/../lib/gcc/arm-none-eabi/10.3.1/../../../../arm-none-eabi/lib/thumb/v7e-m+fp/hard/crt0.o
LOAD ./Core/Src/main.o
LOAD ./Core/Src/stm32f4xx_hal_msp.o
LOAD ./Core/Src/stm32f4xx_it.o
LOAD ./Core/Src/syscalls.o
LOAD ./Core/Src/sysmem.o
LOAD ./Core/Src/system_stm32f4xx.o
LOAD ./Core/Startup/startup_stm32f407vgtx.o
LOAD ./Drivers/STM32F4xx_HAL_Driver/Src/stm32f4xx_hal.o
LOAD ./Drivers/STM32F4xx_HAL_Driver/Src/stm32f4xx_hal_cortex.o
LOAD ./Drivers/STM32F4xx_HAL_Driver/Src/stm32f4xx_hal_dma.o
LOAD ./Drivers/STM32F4xx_HAL_Driver/Src/stm32f4xx_hal_dma_ex.o
LOAD ./Drivers/STM32F4xx_HAL_Driver/Src/stm32f4xx_hal_exti.o
LOAD ./Drivers/STM32F4xx_HAL_Driver/Src/stm32f4xx_hal_flash.o
LOAD ./Drivers/STM32F4xx_HAL_Driver/Src/stm32f4xx_hal_flash_ex.o
LOAD ./Drivers/STM32F4xx_HAL_Driver/Src/stm32f4xx_hal_flash_ramfunc.o
LOAD ./Drivers/STM32F4xx_HAL_Driver/Src/stm32f4xx_hal_gpio.o
LOAD ./Drivers/STM32F4xx_HAL_Driver/Src/stm32f4xx_hal_hcd.o
LOAD ./Drivers/STM32F4xx_HAL_Driver/Src/stm32f4xx_hal_i2c.o
LOAD ./Drivers/STM32F4xx_HAL_Driver/Src/stm32f4xx_hal_i2c_ex.o
LOAD ./Drivers/STM32F4xx_HAL_Driver/Src/stm32f4xx_hal_i2s.o
LOAD ./Drivers/STM32F4xx_HAL_Driver/Src/stm32f4xx_hal_i2s_ex.o
LOAD ./Drivers/STM32F4xx_HAL_Driver/Src/stm32f4xx_hal_pwr.o
LOAD ./Drivers/STM32F4xx_HAL_Driver/Src/stm32f4xx_hal_pwr_ex.o
LOAD ./Drivers/STM32F4xx_HAL_Driver/Src/stm32f4xx_hal_rcc.o
LOAD ./Drivers/STM32F4xx_HAL_Driver/Src/stm32f4xx_hal_rcc_ex.o
LOAD ./Drivers/STM32F4xx_HAL_Driver/Src/stm32f4xx_hal_spi.o
LOAD ./Drivers/STM32F4xx_HAL_Driver/Src/stm32f4xx_hal_tim.o
LOAD ./Drivers/STM32F4xx_HAL_Driver/Src/stm32f4xx_hal_tim_ex.o
LOAD ./Drivers/STM32F4xx_HAL_Driver/Src/stm32f4xx_ll_usb.o
LOAD ./Middlewares/ST/STM32_USB_Host_Library/Class/CDC/Src/usbh_cdc.o
LOAD ./Middlewares/ST/STM32_USB_Host_Library/Core/Src/usbh_core.o
LOAD ./Middlewares/ST/STM32_USB_Host_Library/Core/Src/usbh_ctlreq.o
LOAD ./Middlewares/ST/STM32_USB_Host_Library/Core/Src/usbh_ioreq.o
LOAD ./Middlewares/ST/STM32_USB_Host_Library/Core/Src/usbh_pipes.o
LOAD ./USB_HOST/App/usb_host.o
LOAD ./USB_HOST/Target/usbh_conf.o
LOAD ./USB_HOST/Target/usbh_platform.o
START GROUP
LOAD /media/ugklp/DATA/STM32CubeIDE/plugins/com.st.stm32cube.ide.mcu.externaltools.gnu-tools-for-stm32.10.3-2021.10.linux64_1.0.200.202301161003/tools/bin/../lib/gcc/arm-none-eabi/10.3.1/../../../../arm-none-eabi/lib/thumb/v7e-m+fp/hard/libc_nano.a
LOAD /media/ugklp/DATA/STM32CubeIDE/plugins/com.st.stm32cube.ide.mcu.externaltools.gnu-tools-for-stm32.10.3-2021.10.linux64_1.0.200.202301161003/tools/bin/../lib/gcc/arm-none-eabi/10.3.1/../../../../arm-none-eabi/lib/thumb/v7e-m+fp/hard/libm.a
END GROUP
START GROUP
LOAD /media/ugklp/DATA/STM32CubeIDE/plugins/com.st.stm32cube.ide.mcu.externaltools.gnu-tools-for-stm32.10.3-2021.10.linux64_1.0.200.202301161003/tools/bin/../lib/gcc/arm-none-eabi/10.3.1/thumb/v7e-m+fp/hard/libgcc.a
LOAD /media/ugklp/DATA/STM32CubeIDE/plugins/com.st.stm32cube.ide.mcu.externaltools.gnu-tools-for-stm32.10.3-2021.10.linux64_1.0.200.202301161003/tools/bin/../lib/gcc/arm-none-eabi/10.3.1/../../../../arm-none-eabi/lib/thumb/v7e-m+fp/hard/libc_nano.a
END GROUP
START GROUP
LOAD /media/ugklp/DATA/STM32CubeIDE/plugins/com.st.stm32cube.ide.mcu.externaltools.gnu-tools-for-stm32.10.3-2021.10.linux64_1.0.200.202301161003/tools/bin/../lib/gcc/arm-none-eabi/10.3.1/thumb/v7e-m+fp/hard/libgcc.a
LOAD /media/ugklp/DATA/STM32CubeIDE/plugins/com.st.stm32cube.ide.mcu.externaltools.gnu-tools-for-stm32.10.3-2021.10.linux64_1.0.200.202301161003/tools/bin/../lib/gcc/arm-none-eabi/10.3.1/../../../../arm-none-eabi/lib/thumb/v7e-m+fp/hard/libc_nano.a
LOAD /media/ugklp/DATA/STM32CubeIDE/plugins/com.st.stm32cube.ide.mcu.externaltools.gnu-tools-for-stm32.10.3-2021.10.linux64_1.0.200.202301161003/tools/bin/../lib/gcc/arm-none-eabi/10.3.1/../../../../arm-none-eabi/lib/thumb/v7e-m+fp/hard/libnosys.a
END GROUP
START GROUP
LOAD /media/ugklp/DATA/STM32CubeIDE/plugins/com.st.stm32cube.ide.mcu.externaltools.gnu-tools-for-stm32.10.3-2021.10.linux64_1.0.200.202301161003/tools/bin/../lib/gcc/arm-none-eabi/10.3.1/thumb/v7e-m+fp/hard/libgcc.a
LOAD /media/ugklp/DATA/STM32CubeIDE/plugins/com.st.stm32cube.ide.mcu.externaltools.gnu-tools-for-stm32.10.3-2021.10.linux64_1.0.200.202301161003/tools/bin/../lib/gcc/arm-none-eabi/10.3.1/../../../../arm-none-eabi/lib/thumb/v7e-m+fp/hard/libc_nano.a
LOAD /media/ugklp/DATA/STM32CubeIDE/plugins/com.st.stm32cube.ide.mcu.externaltools.gnu-tools-for-stm32.10.3-2021.10.linux64_1.0.200.202301161003/tools/bin/../lib/gcc/arm-none-eabi/10.3.1/../../../../arm-none-eabi/lib/thumb/v7e-m+fp/hard/libnosys.a
END GROUP
LOAD /media/ugklp/DATA/STM32CubeIDE/plugins/com.st.stm32cube.ide.mcu.externaltools.gnu-tools-for-stm32.10.3-2021.10.linux64_1.0.200.202301161003/tools/bin/../lib/gcc/arm-none-eabi/10.3.1/thumb/v7e-m+fp/hard/crtend.o
LOAD /media/ugklp/DATA/STM32CubeIDE/plugins/com.st.stm32cube.ide.mcu.externaltools.gnu-tools-for-stm32.10.3-2021.10.linux64_1.0.200.202301161003/tools/bin/../lib/gcc/arm-none-eabi/10.3.1/thumb/v7e-m+fp/hard/crtn.o
                0x0000000020020000                _estack = (ORIGIN (RAM) + LENGTH (RAM))
                0x0000000000000200                _Min_Heap_Size = 0x200
                0x0000000000000400                _Min_Stack_Size = 0x400

.isr_vector     0x0000000008000000      0x188
                0x0000000008000000                . = ALIGN (0x4)
 *(.isr_vector)
 .isr_vector    0x0000000008000000      0x188 ./Core/Startup/startup_stm32f407vgtx.o
                0x0000000008000000                g_pfnVectors
                0x0000000008000188                . = ALIGN (0x4)

.text           0x0000000008000188     0x1cac
                0x0000000008000188                . = ALIGN (0x4)
 *(.text)
 .text          0x0000000008000188       0x40 /media/ugklp/DATA/STM32CubeIDE/plugins/com.st.stm32cube.ide.mcu.externaltools.gnu-tools-for-stm32.10.3-2021.10.linux64_1.0.200.202301161003/tools/bin/../lib/gcc/arm-none-eabi/10.3.1/thumb/v7e-m+fp/hard/crtbegin.o
 *(.text*)
 .text.main     0x00000000080001c8       0x88 ./Core/Src/main.o
                0x00000000080001c8                main
 .text.NMI_Handler
                0x0000000008000250        0x6 ./Core/Src/stm32f4xx_it.o
                0x0000000008000250                NMI_Handler
 .text.HardFault_Handler
                0x0000000008000256        0x6 ./Core/Src/stm32f4xx_it.o
                0x0000000008000256                HardFault_Handler
 .text.MemManage_Handler
                0x000000000800025c        0x6 ./Core/Src/stm32f4xx_it.o
                0x000000000800025c                MemManage_Handler
 .text.BusFault_Handler
                0x0000000008000262        0x6 ./Core/Src/stm32f4xx_it.o
                0x0000000008000262                BusFault_Handler
 .text.UsageFault_Handler
                0x0000000008000268        0x6 ./Core/Src/stm32f4xx_it.o
                0x0000000008000268                UsageFault_Handler
 .text.SVC_Handler
                0x000000000800026e        0xe ./Core/Src/stm32f4xx_it.o
                0x000000000800026e                SVC_Handler
 .text.DebugMon_Handler
                0x000000000800027c        0xe ./Core/Src/stm32f4xx_it.o
                0x000000000800027c                DebugMon_Handler
 .text.PendSV_Handler
                0x000000000800028a        0xe ./Core/Src/stm32f4xx_it.o
                0x000000000800028a                PendSV_Handler
 .text.SysTick_Handler
                0x0000000008000298        0xc ./Core/Src/stm32f4xx_it.o
                0x0000000008000298                SysTick_Handler
 .text.OTG_FS_IRQHandler
                0x00000000080002a4       0x14 ./Core/Src/stm32f4xx_it.o
                0x00000000080002a4                OTG_FS_IRQHandler
 .text.SystemInit
                0x00000000080002b8       0x24 ./Core/Src/system_stm32f4xx.o
                0x00000000080002b8                SystemInit
 .text.Reset_Handler
                0x00000000080002dc       0x50 ./Core/Startup/startup_stm32f407vgtx.o
                0x00000000080002dc                Reset_Handler
 .text.Default_Handler
                0x000000000800032c        0x2 ./Core/Startup/startup_stm32f407vgtx.o
                0x000000000800032c                RTC_Alarm_IRQHandler
                0x000000000800032c                HASH_RNG_IRQHandler
                0x000000000800032c                EXTI2_IRQHandler
                0x000000000800032c                TIM8_CC_IRQHandler
                0x000000000800032c                TIM1_CC_IRQHandler
                0x000000000800032c                DMA2_Stream5_IRQHandler
                0x000000000800032c                DMA1_Stream5_IRQHandler
                0x000000000800032c                PVD_IRQHandler
                0x000000000800032c                SDIO_IRQHandler
                0x000000000800032c                TAMP_STAMP_IRQHandler
                0x000000000800032c                CAN2_RX1_IRQHandler
                0x000000000800032c                EXTI3_IRQHandler
                0x000000000800032c                TIM8_TRG_COM_TIM14_IRQHandler
                0x000000000800032c                TIM1_UP_TIM10_IRQHandler
                0x000000000800032c                TIM8_UP_TIM13_IRQHandler
                0x000000000800032c                I2C3_ER_IRQHandler
                0x000000000800032c                EXTI0_IRQHandler
                0x000000000800032c                I2C2_EV_IRQHandler
                0x000000000800032c                DMA1_Stream2_IRQHandler
                0x000000000800032c                CAN1_RX0_IRQHandler
                0x000000000800032c                FPU_IRQHandler
                0x000000000800032c                OTG_HS_WKUP_IRQHandler
                0x000000000800032c                CAN2_SCE_IRQHandler
                0x000000000800032c                DMA2_Stream2_IRQHandler
                0x000000000800032c                SPI1_IRQHandler
                0x000000000800032c                TIM6_DAC_IRQHandler
                0x000000000800032c                TIM1_BRK_TIM9_IRQHandler
                0x000000000800032c                DCMI_IRQHandler
                0x000000000800032c                CAN2_RX0_IRQHandler
                0x000000000800032c                DMA2_Stream3_IRQHandler
                0x000000000800032c                USART6_IRQHandler
                0x000000000800032c                USART3_IRQHandler
                0x000000000800032c                CAN1_RX1_IRQHandler
                0x000000000800032c                UART5_IRQHandler
                0x000000000800032c                DMA2_Stream0_IRQHandler
                0x000000000800032c                TIM4_IRQHandler
                0x000000000800032c                I2C1_EV_IRQHandler
                0x000000000800032c                DMA1_Stream6_IRQHandler
                0x000000000800032c                DMA1_Stream1_IRQHandler
                0x000000000800032c                UART4_IRQHandler
                0x000000000800032c                TIM3_IRQHandler
                0x000000000800032c                RCC_IRQHandler
                0x000000000800032c                TIM8_BRK_TIM12_IRQHandler
                0x000000000800032c                Default_Handler
                0x000000000800032c                EXTI15_10_IRQHandler
                0x000000000800032c                ADC_IRQHandler
                0x000000000800032c                DMA1_Stream7_IRQHandler
                0x000000000800032c                TIM7_IRQHandler
                0x000000000800032c                CAN2_TX_IRQHandler
                0x000000000800032c                TIM5_IRQHandler
                0x000000000800032c                DMA2_Stream7_IRQHandler
                0x000000000800032c                I2C3_EV_IRQHandler
                0x000000000800032c                EXTI9_5_IRQHandler
                0x000000000800032c                RTC_WKUP_IRQHandler
                0x000000000800032c                ETH_WKUP_IRQHandler
                0x000000000800032c                SPI2_IRQHandler
                0x000000000800032c                OTG_HS_EP1_IN_IRQHandler
                0x000000000800032c                DMA1_Stream0_IRQHandler
                0x000000000800032c                CAN1_TX_IRQHandler
                0x000000000800032c                EXTI4_IRQHandler
                0x000000000800032c                FSMC_IRQHandler
                0x000000000800032c                ETH_IRQHandler
                0x000000000800032c                OTG_HS_EP1_OUT_IRQHandler
                0x000000000800032c                WWDG_IRQHandler
                0x000000000800032c                TIM2_IRQHandler
                0x000000000800032c                OTG_FS_WKUP_IRQHandler
                0x000000000800032c                TIM1_TRG_COM_TIM11_IRQHandler
                0x000000000800032c                OTG_HS_IRQHandler
                0x000000000800032c                EXTI1_IRQHandler
                0x000000000800032c                USART2_IRQHandler
                0x000000000800032c                I2C2_ER_IRQHandler
                0x000000000800032c                DMA2_Stream1_IRQHandler
                0x000000000800032c                CAN1_SCE_IRQHandler
                0x000000000800032c                FLASH_IRQHandler
                0x000000000800032c                DMA2_Stream4_IRQHandler
                0x000000000800032c                USART1_IRQHandler
                0x000000000800032c                SPI3_IRQHandler
                0x000000000800032c                DMA1_Stream4_IRQHandler
                0x000000000800032c                I2C1_ER_IRQHandler
                0x000000000800032c                DMA2_Stream6_IRQHandler
                0x000000000800032c                DMA1_Stream3_IRQHandler
 *fill*         0x000000000800032e        0x2 
 .text.HAL_IncTick
                0x0000000008000330       0x28 ./Drivers/STM32F4xx_HAL_Driver/Src/stm32f4xx_hal.o
                0x0000000008000330                HAL_IncTick
 .text.HAL_HCD_IRQHandler
                0x0000000008000358      0x216 ./Drivers/STM32F4xx_HAL_Driver/Src/stm32f4xx_hal_hcd.o
                0x0000000008000358                HAL_HCD_IRQHandler
 .text.HAL_HCD_Stop
                0x000000000800056e       0x3a ./Drivers/STM32F4xx_HAL_Driver/Src/stm32f4xx_hal_hcd.o
                0x000000000800056e                HAL_HCD_Stop
 .text.HCD_HC_IN_IRQHandler
                0x00000000080005a8      0x6aa ./Drivers/STM32F4xx_HAL_Driver/Src/stm32f4xx_hal_hcd.o
 .text.HCD_HC_OUT_IRQHandler
                0x0000000008000c52      0x6d2 ./Drivers/STM32F4xx_HAL_Driver/Src/stm32f4xx_hal_hcd.o
 .text.HCD_RXQLVL_IRQHandler
                0x0000000008001324      0x1a4 ./Drivers/STM32F4xx_HAL_Driver/Src/stm32f4xx_hal_hcd.o
 .text.HCD_Port_IRQHandler
                0x00000000080014c8       0xe6 ./Drivers/STM32F4xx_HAL_Driver/Src/stm32f4xx_hal_hcd.o
 .text.USB_EnableGlobalInt
                0x00000000080015ae       0x22 ./Drivers/STM32F4xx_HAL_Driver/Src/stm32f4xx_ll_usb.o
                0x00000000080015ae                USB_EnableGlobalInt
 .text.USB_DisableGlobalInt
                0x00000000080015d0       0x22 ./Drivers/STM32F4xx_HAL_Driver/Src/stm32f4xx_ll_usb.o
                0x00000000080015d0                USB_DisableGlobalInt
 *fill*         0x00000000080015f2        0x2 
 .text.USB_FlushTxFifo
                0x00000000080015f4       0x68 ./Drivers/STM32F4xx_HAL_Driver/Src/stm32f4xx_ll_usb.o
                0x00000000080015f4                USB_FlushTxFifo
 .text.USB_FlushRxFifo
                0x000000000800165c       0x60 ./Drivers/STM32F4xx_HAL_Driver/Src/stm32f4xx_ll_usb.o
                0x000000000800165c                USB_FlushRxFifo
 .text.USB_ReadPacket
                0x00000000080016bc       0xb0 ./Drivers/STM32F4xx_HAL_Driver/Src/stm32f4xx_ll_usb.o
                0x00000000080016bc                USB_ReadPacket
 .text.USB_ReadInterrupts
                0x000000000800176c       0x26 ./Drivers/STM32F4xx_HAL_Driver/Src/stm32f4xx_ll_usb.o
                0x000000000800176c                USB_ReadInterrupts
 .text.USB_GetMode
                0x0000000008001792       0x1c ./Drivers/STM32F4xx_HAL_Driver/Src/stm32f4xx_ll_usb.o
                0x0000000008001792                USB_GetMode
 .text.USB_InitFSLSPClkSel
                0x00000000080017ae       0x74 ./Drivers/STM32F4xx_HAL_Driver/Src/stm32f4xx_ll_usb.o
                0x00000000080017ae                USB_InitFSLSPClkSel
 .text.USB_HC_ReadInterrupt
                0x0000000008001822       0x22 ./Drivers/STM32F4xx_HAL_Driver/Src/stm32f4xx_ll_usb.o
                0x0000000008001822                USB_HC_ReadInterrupt
 .text.USB_HC_Halt
                0x0000000008001844      0x1f8 ./Drivers/STM32F4xx_HAL_Driver/Src/stm32f4xx_ll_usb.o
                0x0000000008001844                USB_HC_Halt
 .text.USB_StopHost
                0x0000000008001a3c      0x124 ./Drivers/STM32F4xx_HAL_Driver/Src/stm32f4xx_ll_usb.o
                0x0000000008001a3c                USB_StopHost
 .text.USBH_LL_IncTimer
                0x0000000008001b60       0x24 ./Middlewares/ST/STM32_USB_Host_Library/Core/Src/usbh_core.o
                0x0000000008001b60                USBH_LL_IncTimer
 .text.USBH_HandleSof
                0x0000000008001b84       0x30 ./Middlewares/ST/STM32_USB_Host_Library/Core/Src/usbh_core.o
 .text.USBH_LL_PortEnabled
                0x0000000008001bb4       0x1c ./Middlewares/ST/STM32_USB_Host_Library/Core/Src/usbh_core.o
                0x0000000008001bb4                USBH_LL_PortEnabled
 .text.USBH_LL_PortDisabled
                0x0000000008001bd0       0x1c ./Middlewares/ST/STM32_USB_Host_Library/Core/Src/usbh_core.o
                0x0000000008001bd0                USBH_LL_PortDisabled
 .text.USBH_LL_Connect
                0x0000000008001bec       0x2e ./Middlewares/ST/STM32_USB_Host_Library/Core/Src/usbh_core.o
                0x0000000008001bec                USBH_LL_Connect
 .text.USBH_LL_Disconnect
                0x0000000008001c1a       0x48 ./Middlewares/ST/STM32_USB_Host_Library/Core/Src/usbh_core.o
                0x0000000008001c1a                USBH_LL_Disconnect
 .text.USBH_FreePipe
                0x0000000008001c62       0x3c ./Middlewares/ST/STM32_USB_Host_Library/Core/Src/usbh_pipes.o
                0x0000000008001c62                USBH_FreePipe
 .text.HAL_HCD_SOF_Callback
                0x0000000008001c9e       0x1c ./USB_HOST/Target/usbh_conf.o
                0x0000000008001c9e                HAL_HCD_SOF_Callback
 .text.HAL_HCD_Connect_Callback
                0x0000000008001cba       0x1c ./USB_HOST/Target/usbh_conf.o
                0x0000000008001cba                HAL_HCD_Connect_Callback
 .text.HAL_HCD_Disconnect_Callback
                0x0000000008001cd6       0x1c ./USB_HOST/Target/usbh_conf.o
                0x0000000008001cd6                HAL_HCD_Disconnect_Callback
 .text.HAL_HCD_HC_NotifyURBChange_Callback
                0x0000000008001cf2       0x1c ./USB_HOST/Target/usbh_conf.o
                0x0000000008001cf2                HAL_HCD_HC_NotifyURBChange_Callback
 .text.HAL_HCD_PortEnabled_Callback
                0x0000000008001d0e       0x1c ./USB_HOST/Target/usbh_conf.o
                0x0000000008001d0e                HAL_HCD_PortEnabled_Callback
 .text.HAL_HCD_PortDisabled_Callback
                0x0000000008001d2a       0x1c ./USB_HOST/Target/usbh_conf.o
                0x0000000008001d2a                HAL_HCD_PortDisabled_Callback
 .text.USBH_LL_Stop
                0x0000000008001d46       0x36 ./USB_HOST/Target/usbh_conf.o
                0x0000000008001d46                USBH_LL_Stop
 .text.USBH_Get_USB_Status
                0x0000000008001d7c       0x58 ./USB_HOST/Target/usbh_conf.o
                0x0000000008001d7c                USBH_Get_USB_Status
 .text.__libc_init_array
                0x0000000008001dd4       0x48 /media/ugklp/DATA/STM32CubeIDE/plugins/com.st.stm32cube.ide.mcu.externaltools.gnu-tools-for-stm32.10.3-2021.10.linux64_1.0.200.202301161003/tools/bin/../lib/gcc/arm-none-eabi/10.3.1/../../../../arm-none-eabi/lib/thumb/v7e-m+fp/hard/libc_nano.a(lib_a-init.o)
                0x0000000008001dd4                __libc_init_array
 *(.glue_7)
 .glue_7        0x0000000008001e1c        0x0 linker stubs
 *(.glue_7t)
 .glue_7t       0x0000000008001e1c        0x0 linker stubs
 *(.eh_frame)
 .eh_frame      0x0000000008001e1c        0x0 /media/ugklp/DATA/STM32CubeIDE/plugins/com.st.stm32cube.ide.mcu.externaltools.gnu-tools-for-stm32.10.3-2021.10.linux64_1.0.200.202301161003/tools/bin/../lib/gcc/arm-none-eabi/10.3.1/thumb/v7e-m+fp/hard/crtbegin.o
 *(.init)
 .init          0x0000000008001e1c        0x4 /media/ugklp/DATA/STM32CubeIDE/plugins/com.st.stm32cube.ide.mcu.externaltools.gnu-tools-for-stm32.10.3-2021.10.linux64_1.0.200.202301161003/tools/bin/../lib/gcc/arm-none-eabi/10.3.1/thumb/v7e-m+fp/hard/crti.o
                0x0000000008001e1c                _init
 .init          0x0000000008001e20        0x8 /media/ugklp/DATA/STM32CubeIDE/plugins/com.st.stm32cube.ide.mcu.externaltools.gnu-tools-for-stm32.10.3-2021.10.linux64_1.0.200.202301161003/tools/bin/../lib/gcc/arm-none-eabi/10.3.1/thumb/v7e-m+fp/hard/crtn.o
 *(.fini)
 .fini          0x0000000008001e28        0x4 /media/ugklp/DATA/STM32CubeIDE/plugins/com.st.stm32cube.ide.mcu.externaltools.gnu-tools-for-stm32.10.3-2021.10.linux64_1.0.200.202301161003/tools/bin/../lib/gcc/arm-none-eabi/10.3.1/thumb/v7e-m+fp/hard/crti.o
                0x0000000008001e28                _fini
 .fini          0x0000000008001e2c        0x8 /media/ugklp/DATA/STM32CubeIDE/plugins/com.st.stm32cube.ide.mcu.externaltools.gnu-tools-for-stm32.10.3-2021.10.linux64_1.0.200.202301161003/tools/bin/../lib/gcc/arm-none-eabi/10.3.1/thumb/v7e-m+fp/hard/crtn.o
                0x0000000008001e34                . = ALIGN (0x4)
                0x0000000008001e34                _etext = .

.vfp11_veneer   0x0000000008001e34        0x0
 .vfp11_veneer  0x0000000008001e34        0x0 linker stubs

.v4_bx          0x0000000008001e34        0x0
 .v4_bx         0x0000000008001e34        0x0 linker stubs

.iplt           0x0000000008001e34        0x0
 .iplt          0x0000000008001e34        0x0 /media/ugklp/DATA/STM32CubeIDE/plugins/com.st.stm32cube.ide.mcu.externaltools.gnu-tools-for-stm32.10.3-2021.10.linux64_1.0.200.202301161003/tools/bin/../lib/gcc/arm-none-eabi/10.3.1/thumb/v7e-m+fp/hard/crtbegin.o

.rel.dyn        0x0000000008001e34        0x0
 .rel.iplt      0x0000000008001e34        0x0 /media/ugklp/DATA/STM32CubeIDE/plugins/com.st.stm32cube.ide.mcu.externaltools.gnu-tools-for-stm32.10.3-2021.10.linux64_1.0.200.202301161003/tools/bin/../lib/gcc/arm-none-eabi/10.3.1/thumb/v7e-m+fp/hard/crtbegin.o

.rodata         0x0000000008001e34        0x0
                0x0000000008001e34                . = ALIGN (0x4)
 *(.rodata)
 *(.rodata*)
                0x0000000008001e34                . = ALIGN (0x4)

.ARM.extab      0x0000000008001e34        0x0
                0x0000000008001e34                . = ALIGN (0x4)
 *(.ARM.extab* .gnu.linkonce.armextab.*)
                0x0000000008001e34                . = ALIGN (0x4)

.ARM            0x0000000008001e34        0x0
                0x0000000008001e34                . = ALIGN (0x4)
                0x0000000008001e34                __exidx_start = .
 *(.ARM.exidx*)
                0x0000000008001e34                __exidx_end = .
                0x0000000008001e34                . = ALIGN (0x4)

.preinit_array  0x0000000008001e34        0x0
                0x0000000008001e34                . = ALIGN (0x4)
                0x0000000008001e34                PROVIDE (__preinit_array_start = .)
 *(.preinit_array*)
                0x0000000008001e34                PROVIDE (__preinit_array_end = .)
                0x0000000008001e34                . = ALIGN (0x4)

.init_array     0x0000000008001e34        0x4
                0x0000000008001e34                . = ALIGN (0x4)
                0x0000000008001e34                PROVIDE (__init_array_start = .)
 *(SORT_BY_NAME(.init_array.*))
 *(.init_array*)
 .init_array    0x0000000008001e34        0x4 /media/ugklp/DATA/STM32CubeIDE/plugins/com.st.stm32cube.ide.mcu.externaltools.gnu-tools-for-stm32.10.3-2021.10.linux64_1.0.200.202301161003/tools/bin/../lib/gcc/arm-none-eabi/10.3.1/thumb/v7e-m+fp/hard/crtbegin.o
                0x0000000008001e38                PROVIDE (__init_array_end = .)
                0x0000000008001e38                . = ALIGN (0x4)

.fini_array     0x0000000008001e38        0x4
                0x0000000008001e38                . = ALIGN (0x4)
                [!provide]                        PROVIDE (__fini_array_start = .)
 *(SORT_BY_NAME(.fini_array.*))
 *(.fini_array*)
 .fini_array    0x0000000008001e38        0x4 /media/ugklp/DATA/STM32CubeIDE/plugins/com.st.stm32cube.ide.mcu.externaltools.gnu-tools-for-stm32.10.3-2021.10.linux64_1.0.200.202301161003/tools/bin/../lib/gcc/arm-none-eabi/10.3.1/thumb/v7e-m+fp/hard/crtbegin.o
                [!provide]                        PROVIDE (__fini_array_end = .)
                0x0000000008001e3c                . = ALIGN (0x4)
                0x0000000008001e3c                _sidata = LOADADDR (.data)

.data           0x0000000020000000        0x4 load address 0x0000000008001e3c
                0x0000000020000000                . = ALIGN (0x4)
                0x0000000020000000                _sdata = .
 *(.data)
 *(.data*)
 .data.uwTickFreq
                0x0000000020000000        0x1 ./Drivers/STM32F4xx_HAL_Driver/Src/stm32f4xx_hal.o
                0x0000000020000000                uwTickFreq
 *(.RamFunc)
 *(.RamFunc*)
                0x0000000020000004                . = ALIGN (0x4)
 *fill*         0x0000000020000001        0x3 
                0x0000000020000004                _edata = .
                0x0000000008001e40                _siccmram = LOADADDR (.ccmram)

.igot.plt       0x0000000020000004        0x0 load address 0x0000000008001e40
 .igot.plt      0x0000000020000004        0x0 /media/ugklp/DATA/STM32CubeIDE/plugins/com.st.stm32cube.ide.mcu.externaltools.gnu-tools-for-stm32.10.3-2021.10.linux64_1.0.200.202301161003/tools/bin/../lib/gcc/arm-none-eabi/10.3.1/thumb/v7e-m+fp/hard/crtbegin.o

.ccmram         0x0000000010000000        0x0 load address 0x0000000008001e40
                0x0000000010000000                . = ALIGN (0x4)
                0x0000000010000000                _sccmram = .
 *(.ccmram)
 *(.ccmram*)
                0x0000000010000000                . = ALIGN (0x4)
                0x0000000010000000                _eccmram = .
                0x0000000010000000                . = ALIGN (0x4)

.bss            0x0000000020000004      0x324
                0x0000000020000004                _sbss = .
                0x0000000020000004                __bss_start__ = _sbss
 *(.bss)
 .bss           0x0000000020000004       0x1c /media/ugklp/DATA/STM32CubeIDE/plugins/com.st.stm32cube.ide.mcu.externaltools.gnu-tools-for-stm32.10.3-2021.10.linux64_1.0.200.202301161003/tools/bin/../lib/gcc/arm-none-eabi/10.3.1/thumb/v7e-m+fp/hard/crtbegin.o
 *(.bss*)
 .bss.uwTick    0x0000000020000020        0x4 ./Drivers/STM32F4xx_HAL_Driver/Src/stm32f4xx_hal.o
                0x0000000020000020                uwTick
 .bss.hhcd_USB_OTG_FS
                0x0000000020000024      0x304 ./USB_HOST/Target/usbh_conf.o
                0x0000000020000024                hhcd_USB_OTG_FS
 *(COMMON)
                0x0000000020000328                . = ALIGN (0x4)
                0x0000000020000328                _ebss = .
                0x0000000020000328                __bss_end__ = _ebss

._user_heap_stack
                0x0000000020000328      0x600
                0x0000000020000328                . = ALIGN (0x8)
                [!provide]                        PROVIDE (end = .)
                0x0000000020000328                PROVIDE (_end = .)
                0x0000000020000528                . = (. + _Min_Heap_Size)
 *fill*         0x0000000020000328      0x200 
                0x0000000020000928                . = (. + _Min_Stack_Size)
 *fill*         0x0000000020000528      0x400 
                0x0000000020000928                . = ALIGN (0x8)

/DISCARD/
 libc.a(*)
 libm.a(*)
 libgcc.a(*)

.ARM.attributes
                0x0000000000000000       0x30
 *(.ARM.attributes)
 .ARM.attributes
                0x0000000000000000       0x1e /media/ugklp/DATA/STM32CubeIDE/plugins/com.st.stm32cube.ide.mcu.externaltools.gnu-tools-for-stm32.10.3-2021.10.linux64_1.0.200.202301161003/tools/bin/../lib/gcc/arm-none-eabi/10.3.1/thumb/v7e-m+fp/hard/crti.o
 .ARM.attributes
                0x000000000000001e       0x34 /media/ugklp/DATA/STM32CubeIDE/plugins/com.st.stm32cube.ide.mcu.externaltools.gnu-tools-for-stm32.10.3-2021.10.linux64_1.0.200.202301161003/tools/bin/../lib/gcc/arm-none-eabi/10.3.1/thumb/v7e-m+fp/hard/crtbegin.o
 .ARM.attributes
                0x0000000000000052       0x34 ./Core/Src/main.o
 .ARM.attributes
                0x0000000000000086       0x34 ./Core/Src/stm32f4xx_it.o
 .ARM.attributes
                0x00000000000000ba       0x34 ./Core/Src/system_stm32f4xx.o
 .ARM.attributes
                0x00000000000000ee       0x21 ./Core/Startup/startup_stm32f407vgtx.o
 .ARM.attributes
                0x000000000000010f       0x34 ./Drivers/STM32F4xx_HAL_Driver/Src/stm32f4xx_hal.o
 .ARM.attributes
                0x0000000000000143       0x34 ./Drivers/STM32F4xx_HAL_Driver/Src/stm32f4xx_hal_hcd.o
 .ARM.attributes
                0x0000000000000177       0x34 ./Drivers/STM32F4xx_HAL_Driver/Src/stm32f4xx_ll_usb.o
 .ARM.attributes
                0x00000000000001ab       0x34 ./Middlewares/ST/STM32_USB_Host_Library/Core/Src/usbh_core.o
 .ARM.attributes
                0x00000000000001df       0x34 ./Middlewares/ST/STM32_USB_Host_Library/Core/Src/usbh_pipes.o
 .ARM.attributes
                0x0000000000000213       0x34 ./USB_HOST/Target/usbh_conf.o
 .ARM.attributes
                0x0000000000000247       0x34 /media/ugklp/DATA/STM32CubeIDE/plugins/com.st.stm32cube.ide.mcu.externaltools.gnu-tools-for-stm32.10.3-2021.10.linux64_1.0.200.202301161003/tools/bin/../lib/gcc/arm-none-eabi/10.3.1/../../../../arm-none-eabi/lib/thumb/v7e-m+fp/hard/libc_nano.a(lib_a-init.o)
 .ARM.attributes
                0x000000000000027b       0x1e /media/ugklp/DATA/STM32CubeIDE/plugins/com.st.stm32cube.ide.mcu.externaltools.gnu-tools-for-stm32.10.3-2021.10.linux64_1.0.200.202301161003/tools/bin/../lib/gcc/arm-none-eabi/10.3.1/thumb/v7e-m+fp/hard/crtn.o
OUTPUT(UtkuGokalp_EE242_Midterm1_2023Spring.elf elf32-littlearm)
LOAD linker stubs
LOAD /media/ugklp/DATA/STM32CubeIDE/plugins/com.st.stm32cube.ide.mcu.externaltools.gnu-tools-for-stm32.10.3-2021.10.linux64_1.0.200.202301161003/tools/bin/../lib/gcc/arm-none-eabi/10.3.1/../../../../arm-none-eabi/lib/thumb/v7e-m+fp/hard/libc.a
LOAD /media/ugklp/DATA/STM32CubeIDE/plugins/com.st.stm32cube.ide.mcu.externaltools.gnu-tools-for-stm32.10.3-2021.10.linux64_1.0.200.202301161003/tools/bin/../lib/gcc/arm-none-eabi/10.3.1/../../../../arm-none-eabi/lib/thumb/v7e-m+fp/hard/libm.a
LOAD /media/ugklp/DATA/STM32CubeIDE/plugins/com.st.stm32cube.ide.mcu.externaltools.gnu-tools-for-stm32.10.3-2021.10.linux64_1.0.200.202301161003/tools/bin/../lib/gcc/arm-none-eabi/10.3.1/thumb/v7e-m+fp/hard/libgcc.a

.debug_info     0x0000000000000000     0x7dd5
 .debug_info    0x0000000000000000      0x47c ./Core/Src/main.o
 .debug_info    0x000000000000047c      0x675 ./Core/Src/stm32f4xx_it.o
 .debug_info    0x0000000000000af1      0x523 ./Core/Src/system_stm32f4xx.o
 .debug_info    0x0000000000001014       0x22 ./Core/Startup/startup_stm32f407vgtx.o
 .debug_info    0x0000000000001036      0x97c ./Drivers/STM32F4xx_HAL_Driver/Src/stm32f4xx_hal.o
 .debug_info    0x00000000000019b2     0x10c6 ./Drivers/STM32F4xx_HAL_Driver/Src/stm32f4xx_hal_hcd.o
 .debug_info    0x0000000000002a78     0x1a97 ./Drivers/STM32F4xx_HAL_Driver/Src/stm32f4xx_ll_usb.o
 .debug_info    0x000000000000450f     0x1065 ./Middlewares/ST/STM32_USB_Host_Library/Core/Src/usbh_core.o
 .debug_info    0x0000000000005574      0xb34 ./Middlewares/ST/STM32_USB_Host_Library/Core/Src/usbh_pipes.o
 .debug_info    0x00000000000060a8     0x1d2d ./USB_HOST/Target/usbh_conf.o

.debug_abbrev   0x0000000000000000     0x13f1
 .debug_abbrev  0x0000000000000000       0xdc ./Core/Src/main.o
 .debug_abbrev  0x00000000000000dc      0x199 ./Core/Src/stm32f4xx_it.o
 .debug_abbrev  0x0000000000000275      0x116 ./Core/Src/system_stm32f4xx.o
 .debug_abbrev  0x000000000000038b       0x12 ./Core/Startup/startup_stm32f407vgtx.o
 .debug_abbrev  0x000000000000039d      0x20d ./Drivers/STM32F4xx_HAL_Driver/Src/stm32f4xx_hal.o
 .debug_abbrev  0x00000000000005aa      0x27e ./Drivers/STM32F4xx_HAL_Driver/Src/stm32f4xx_hal_hcd.o
 .debug_abbrev  0x0000000000000828      0x296 ./Drivers/STM32F4xx_HAL_Driver/Src/stm32f4xx_ll_usb.o
 .debug_abbrev  0x0000000000000abe      0x317 ./Middlewares/ST/STM32_USB_Host_Library/Core/Src/usbh_core.o
 .debug_abbrev  0x0000000000000dd5      0x270 ./Middlewares/ST/STM32_USB_Host_Library/Core/Src/usbh_pipes.o
 .debug_abbrev  0x0000000000001045      0x3ac ./USB_HOST/Target/usbh_conf.o

.debug_aranges  0x0000000000000000      0x638
 .debug_aranges
                0x0000000000000000       0x20 ./Core/Src/main.o
 .debug_aranges
                0x0000000000000020       0x68 ./Core/Src/stm32f4xx_it.o
 .debug_aranges
                0x0000000000000088       0x28 ./Core/Src/system_stm32f4xx.o
 .debug_aranges
                0x00000000000000b0       0x28 ./Core/Startup/startup_stm32f407vgtx.o
 .debug_aranges
                0x00000000000000d8       0xf0 ./Drivers/STM32F4xx_HAL_Driver/Src/stm32f4xx_hal.o
 .debug_aranges
                0x00000000000001c8       0xf8 ./Drivers/STM32F4xx_HAL_Driver/Src/stm32f4xx_hal_hcd.o
 .debug_aranges
                0x00000000000002c0      0x1a0 ./Drivers/STM32F4xx_HAL_Driver/Src/stm32f4xx_ll_usb.o
 .debug_aranges
                0x0000000000000460       0xc0 ./Middlewares/ST/STM32_USB_Host_Library/Core/Src/usbh_core.o
 .debug_aranges
                0x0000000000000520       0x40 ./Middlewares/ST/STM32_USB_Host_Library/Core/Src/usbh_pipes.o
 .debug_aranges
                0x0000000000000560       0xd8 ./USB_HOST/Target/usbh_conf.o

.debug_ranges   0x0000000000000000      0x5a0
 .debug_ranges  0x0000000000000000       0x10 ./Core/Src/main.o
 .debug_ranges  0x0000000000000010       0x58 ./Core/Src/stm32f4xx_it.o
 .debug_ranges  0x0000000000000068       0x18 ./Core/Src/system_stm32f4xx.o
 .debug_ranges  0x0000000000000080       0x20 ./Core/Startup/startup_stm32f407vgtx.o
 .debug_ranges  0x00000000000000a0       0xe0 ./Drivers/STM32F4xx_HAL_Driver/Src/stm32f4xx_hal.o
 .debug_ranges  0x0000000000000180       0xe8 ./Drivers/STM32F4xx_HAL_Driver/Src/stm32f4xx_hal_hcd.o
 .debug_ranges  0x0000000000000268      0x190 ./Drivers/STM32F4xx_HAL_Driver/Src/stm32f4xx_ll_usb.o
 .debug_ranges  0x00000000000003f8       0xb0 ./Middlewares/ST/STM32_USB_Host_Library/Core/Src/usbh_core.o
 .debug_ranges  0x00000000000004a8       0x30 ./Middlewares/ST/STM32_USB_Host_Library/Core/Src/usbh_pipes.o
 .debug_ranges  0x00000000000004d8       0xc8 ./USB_HOST/Target/usbh_conf.o

.debug_macro    0x0000000000000000    0x197b6
 .debug_macro   0x0000000000000000       0xbf ./Core/Src/main.o
 .debug_macro   0x00000000000000bf      0xa78 ./Core/Src/main.o
 .debug_macro   0x0000000000000b37       0x2f ./Core/Src/main.o
 .debug_macro   0x0000000000000b66       0x22 ./Core/Src/main.o
 .debug_macro   0x0000000000000b88       0x8e ./Core/Src/main.o
 .debug_macro   0x0000000000000c16       0x51 ./Core/Src/main.o
 .debug_macro   0x0000000000000c67      0x103 ./Core/Src/main.o
 .debug_macro   0x0000000000000d6a       0x6a ./Core/Src/main.o
 .debug_macro   0x0000000000000dd4      0x1df ./Core/Src/main.o
 .debug_macro   0x0000000000000fb3       0x1c ./Core/Src/main.o
 .debug_macro   0x0000000000000fcf       0x22 ./Core/Src/main.o
 .debug_macro   0x0000000000000ff1       0xd9 ./Core/Src/main.o
 .debug_macro   0x00000000000010ca     0x102d ./Core/Src/main.o
 .debug_macro   0x00000000000020f7      0x11f ./Core/Src/main.o
 .debug_macro   0x0000000000002216    0x15e82 ./Core/Src/main.o
 .debug_macro   0x0000000000018098      0x21f ./Core/Src/stm32f4xx_it.o
 .debug_macro   0x00000000000182b7      0x206 ./Core/Src/system_stm32f4xx.o
 .debug_macro   0x00000000000184bd      0x266 ./Drivers/STM32F4xx_HAL_Driver/Src/stm32f4xx_hal.o
 .debug_macro   0x0000000000018723      0x206 ./Drivers/STM32F4xx_HAL_Driver/Src/stm32f4xx_hal_hcd.o
 .debug_macro   0x0000000000018929      0x206 ./Drivers/STM32F4xx_HAL_Driver/Src/stm32f4xx_ll_usb.o
 .debug_macro   0x0000000000018b2f      0x431 ./Middlewares/ST/STM32_USB_Host_Library/Core/Src/usbh_core.o
 .debug_macro   0x0000000000018f60      0x423 ./Middlewares/ST/STM32_USB_Host_Library/Core/Src/usbh_pipes.o
 .debug_macro   0x0000000000019383      0x433 ./USB_HOST/Target/usbh_conf.o

.debug_line     0x0000000000000000     0x7472
 .debug_line    0x0000000000000000      0x469 ./Core/Src/main.o
 .debug_line    0x0000000000000469      0x7e3 ./Core/Src/stm32f4xx_it.o
 .debug_line    0x0000000000000c4c      0x78a ./Core/Src/system_stm32f4xx.o
 .debug_line    0x00000000000013d6       0x88 ./Core/Startup/startup_stm32f407vgtx.o
 .debug_line    0x000000000000145e      0x9f0 ./Drivers/STM32F4xx_HAL_Driver/Src/stm32f4xx_hal.o
 .debug_line    0x0000000000001e4e     0x11ed ./Drivers/STM32F4xx_HAL_Driver/Src/stm32f4xx_hal_hcd.o
 .debug_line    0x000000000000303b     0x1aad ./Drivers/STM32F4xx_HAL_Driver/Src/stm32f4xx_ll_usb.o
 .debug_line    0x0000000000004ae8     0x1194 ./Middlewares/ST/STM32_USB_Host_Library/Core/Src/usbh_core.o
 .debug_line    0x0000000000005c7c      0xa9a ./Middlewares/ST/STM32_USB_Host_Library/Core/Src/usbh_pipes.o
 .debug_line    0x0000000000006716      0xd5c ./USB_HOST/Target/usbh_conf.o

.debug_str      0x0000000000000000    0xc7a6d
 .debug_str     0x0000000000000000    0x87884 ./Core/Src/main.o
                                      0x87a2b (size before relaxing)
 .debug_str     0x0000000000087884    0x38dd3 ./Core/Src/stm32f4xx_it.o
                                      0xc07da (size before relaxing)
 .debug_str     0x00000000000c0657       0xdb ./Core/Src/system_stm32f4xx.o
                                      0xbfe35 (size before relaxing)
 .debug_str     0x00000000000c0732       0x36 ./Core/Startup/startup_stm32f407vgtx.o
                                         0x89 (size before relaxing)
 .debug_str     0x00000000000c0768      0xb54 ./Drivers/STM32F4xx_HAL_Driver/Src/stm32f4xx_hal.o
                                      0xc09b9 (size before relaxing)
 .debug_str     0x00000000000c12bc      0x553 ./Drivers/STM32F4xx_HAL_Driver/Src/stm32f4xx_hal_hcd.o
                                      0xc0612 (size before relaxing)
 .debug_str     0x00000000000c180f      0x52b ./Drivers/STM32F4xx_HAL_Driver/Src/stm32f4xx_ll_usb.o
                                      0xc075f (size before relaxing)
 .debug_str     0x00000000000c1d3a     0x5aa0 ./Middlewares/ST/STM32_USB_Host_Library/Core/Src/usbh_core.o
                                      0xc5e4f (size before relaxing)
 .debug_str     0x00000000000c77da       0x98 ./Middlewares/ST/STM32_USB_Host_Library/Core/Src/usbh_pipes.o
                                      0xc5b8e (size before relaxing)
 .debug_str     0x00000000000c7872      0x1fb ./USB_HOST/Target/usbh_conf.o
                                      0xc6a80 (size before relaxing)

.comment        0x0000000000000000       0x50
 .comment       0x0000000000000000       0x50 ./Core/Src/main.o
                                         0x51 (size before relaxing)
 .comment       0x0000000000000050       0x51 ./Core/Src/stm32f4xx_it.o
 .comment       0x0000000000000050       0x51 ./Core/Src/system_stm32f4xx.o
 .comment       0x0000000000000050       0x51 ./Drivers/STM32F4xx_HAL_Driver/Src/stm32f4xx_hal.o
 .comment       0x0000000000000050       0x51 ./Drivers/STM32F4xx_HAL_Driver/Src/stm32f4xx_hal_hcd.o
 .comment       0x0000000000000050       0x51 ./Drivers/STM32F4xx_HAL_Driver/Src/stm32f4xx_ll_usb.o
 .comment       0x0000000000000050       0x51 ./Middlewares/ST/STM32_USB_Host_Library/Core/Src/usbh_core.o
 .comment       0x0000000000000050       0x51 ./Middlewares/ST/STM32_USB_Host_Library/Core/Src/usbh_pipes.o
 .comment       0x0000000000000050       0x51 ./USB_HOST/Target/usbh_conf.o

.debug_frame    0x0000000000000000     0x18e0
 .debug_frame   0x0000000000000000       0x2c ./Core/Src/main.o
 .debug_frame   0x000000000000002c      0x120 ./Core/Src/stm32f4xx_it.o
 .debug_frame   0x000000000000014c       0x58 ./Core/Src/system_stm32f4xx.o
 .debug_frame   0x00000000000001a4      0x374 ./Drivers/STM32F4xx_HAL_Driver/Src/stm32f4xx_hal.o
 .debug_frame   0x0000000000000518      0x450 ./Drivers/STM32F4xx_HAL_Driver/Src/stm32f4xx_hal_hcd.o
 .debug_frame   0x0000000000000968      0x7c0 ./Drivers/STM32F4xx_HAL_Driver/Src/stm32f4xx_ll_usb.o
 .debug_frame   0x0000000000001128      0x338 ./Middlewares/ST/STM32_USB_Host_Library/Core/Src/usbh_core.o
 .debug_frame   0x0000000000001460       0xcc ./Middlewares/ST/STM32_USB_Host_Library/Core/Src/usbh_pipes.o
 .debug_frame   0x000000000000152c      0x388 ./USB_HOST/Target/usbh_conf.o
 .debug_frame   0x00000000000018b4       0x2c /media/ugklp/DATA/STM32CubeIDE/plugins/com.st.stm32cube.ide.mcu.externaltools.gnu-tools-for-stm32.10.3-2021.10.linux64_1.0.200.202301161003/tools/bin/../lib/gcc/arm-none-eabi/10.3.1/../../../../arm-none-eabi/lib/thumb/v7e-m+fp/hard/libc_nano.a(lib_a-init.o)
